
> sake-forecast@0.1.0 build
> next build

   ▲ Next.js 15.5.12
   - Environments: .env

   Creating an optimized production build ...
 ✓ Compiled successfully in 4.9s
   Linting and checking validity of types ...
node.exe : 
発生場所 行:1 文字:1
+ & "C:\Program Files\n
odejs/node.exe" "C:\Pro
gram Files\nodejs/node_
mo ...
+ ~~~~~~~~~~~~~~~~~~~~~
~~~~~~~~~~~~~~~~~~~~~~~
~~~~~~~~~~~~~~~~~~~~~~~
~~
    + CategoryInfo     
         : NotSpecifi  
  ed: (:String) [],    
 RemoteException
    + FullyQualifiedEr 
   rorId : NativeComm  
  andError
 
Failed to compile.

./src/app/page.tsx
11:3  Error: 'Download'
 is defined but never u
sed.  @typescript-eslin
t/no-unused-vars
13:3  Error: 'TrendingU
p' is defined but never
 used.  @typescript-esl
int/no-unused-vars
14:3  Error: 'CloudLigh
tning' is defined but n
ever used.  @typescript
-eslint/no-unused-vars
16:3  Error: 'ArrowUpRi
ght' is defined but nev
er used.  @typescript-e
slint/no-unused-vars
17:3  Error: 'ChevronRi
ght' is defined but nev
er used.  @typescript-e
slint/no-unused-vars
29:10  Error: 'motion' 
is defined but never us
ed.  @typescript-eslint
/no-unused-vars
92:48  Error: Unexpecte
d any. Specify a differ
ent type.  @typescript-
eslint/no-explicit-any
92:56  Error: Unexpecte
d any. Specify a differ
ent type.  @typescript-
eslint/no-explicit-any
95:41  Error: Unexpecte
d any. Specify a differ
ent type.  @typescript-
eslint/no-explicit-any
116:13  Error: 'newStat
s' is never reassigned.
 Use 'const' instead.  
prefer-const
132:83  Error: Unexpect
ed any. Specify a diffe
rent type.  @typescript
-eslint/no-explicit-any
145:87  Error: Unexpect
ed any. Specify a diffe
rent type.  @typescript
-eslint/no-explicit-any
167:23  Error: Unexpect
ed any. Specify a diffe
rent type.  @typescript
-eslint/no-explicit-any

./src/app/targets/page.
tsx
41:27  Error: Unexpecte
d any. Specify a differ
ent type.  @typescript-
eslint/no-explicit-any

./src/lib/prisma.ts
17:40  Error: Unexpecte
d any. Specify a differ
ent type.  @typescript-
eslint/no-explicit-any
21:44  Error: Unexpecte
d any. Specify a differ
ent type.  @typescript-
eslint/no-explicit-any

info  - Need to disable
 some ESLint rules? Lea
rn more here: https://n
extjs.org/docs/app/api-
reference/config/eslint
#disabling-rules
